// Jest Snapshot v1, https://goo.gl/fbAQLP

exports[`Landing renders everything correctly 1`] = `
<div
  className="landingContainer"
>
  <div
    className="infoContainer"
  >
    <h1>
      PokeWorld
    </h1>
    <p>
      This is an app made by Alejo Mazzoni for practice purposes
    </p>
  </div>
</div>
`;
