// Jest Snapshot v1, https://goo.gl/fbAQLP

exports[`NotFound renders everything correctly 1`] = `
<div
  className="notFoundContainer"
>
  <div
    className="textContainer"
  >
    <div
      className="backdropFilter"
    />
    <img
      src="404-image.png"
    />
    <h3>
      Page not found.
    </h3>
    <p>
      It seems the page you're looking for doesn't exist.
      <br />
      <br />
      Click the button to return home
    </p>
  </div>
  <div
    className="buttonContainer"
  >
    <a
      href="#/"
      onClick={[Function]}
    >
      <div
        className="buttonContainer"
      >
        <button>
          GO BACK
        </button>
      </div>
    </a>
  </div>
</div>
`;
